2026-10-04 08:22:30,785 - INFO - [EPG映射] 从 https://s.102031.xyz/xml/a1999882e.xml 加载成功
2026-10-04 08:22:30,785 - INFO - [EPG映射] 共合并加载 101 个频道 ID
2026-10-04 08:22:30,916 - INFO - url: https://raw.githubusercontent.com/best-fan/iptv-sources/main/cn_all.m3u8 获取成功，判断为m3u格式
2026-10-04 08:22:30,917 - INFO - url: https://raw.githubusercontent.com/best-fan/iptv-sources/main/cn_all.m3u8 抓取成功，包含频道分类: 央视频道" response-time="120ms, 央视频道" response-time="46ms, 央视频道" response-time="47ms, 央视台" tvg-id="CCTV-4" tvg-logo="https://live.fanmingming.com/tv/CCTV4.png, 央视频道" response-time="49ms, 央视台" tvg-id="CCTV-9" tvg-logo="https://live.fanmingming.com/tv/CCTV9.png, 央视频道" response-time="29ms, 央视频道" response-time="35ms, 央视频道" response-time="33ms, News, 卡通频道" response-time="28ms, 央视频道" response-time="28ms, 卫视频道" response-time="28ms, 卫视频道" response-time="29ms, 卫视频道" response-time="35ms, 卫视频道" response-time="120ms, 卫视频道" response-time="32ms, 卫视频道" response-time="47ms, 卫视频道" response-time="54ms, 卫视频道" response-time="30ms, 卫视频道" response-time="33ms, 卫视频道" response-time="39ms, 卫视频道" response-time="34ms, 卫视频道" response-time="45ms, 卫视频道" response-time="38ms, 卫视频道" response-time="31ms, 卫视频道" response-time="40ms, 卫视频道" response-time="36ms, 卫视频道" response-time="48ms, 卫视频道" response-time="41ms, 卫视频道" response-time="49ms, 卫视频道" response-time="37ms, 卫视频道" response-time="43ms, 卫视频道" response-time="63ms, 卫视频道" response-time="66ms, 卫视频道" response-time="42ms, 卫视频道" response-time="50ms, 卫视频道" response-time="53ms, 卫视频道" response-time="52ms, 卫视频道" response-time="51ms, 卫视频道" response-time="46ms, 卫视频道" response-time="44ms, 卫视频道" response-time="59ms, 卫视频道" response-time="57ms, 卫视频道" response-time="58ms, 其他频道" response-time="48ms, 其他频道" response-time="120ms, 卡通频道" response-time="29ms, 卡通频道" response-time="34ms, 卡通频道" response-time="36ms, 卡通频道" response-time="39ms, 其他频道" response-time="50ms, 影视频道" response-time="49ms
2026-10-04 08:22:31,020 - INFO - url: https://raw.githubusercontent.com/best-fan/iptv-sources/main/cn_cctv.m3u8 获取成功，判断为m3u格式
2026-10-04 08:22:31,020 - INFO - url: https://raw.githubusercontent.com/best-fan/iptv-sources/main/cn_cctv.m3u8 抓取成功，包含频道分类: 央视频道" response-time="120ms, 央视频道" response-time="46ms, 央视频道" response-time="47ms, 央视台" tvg-id="CCTV-4" tvg-logo="https://live.fanmingming.com/tv/CCTV4.png, 央视频道" response-time="49ms, 央视台" tvg-id="CCTV-9" tvg-logo="https://live.fanmingming.com/tv/CCTV9.png, 央视频道" response-time="29ms, 央视频道" response-time="35ms, 央视频道" response-time="33ms, News, 卡通频道" response-time="28ms, 央视频道" response-time="28ms
2026-10-04 08:22:31,145 - INFO - url: https://raw.githubusercontent.com/best-fan/iptv-sources/main/cn_province.m3u8 获取成功，判断为m3u格式
2026-10-04 08:22:31,146 - INFO - url: https://raw.githubusercontent.com/best-fan/iptv-sources/main/cn_province.m3u8 抓取成功，包含频道分类: 卫视频道" response-time="28ms, 卫视频道" response-time="29ms, 卫视频道" response-time="35ms, 卫视频道" response-time="120ms, 卫视频道" response-time="32ms, 卫视频道" response-time="47ms, 卫视频道" response-time="54ms, 卫视频道" response-time="30ms, 卫视频道" response-time="33ms, 卫视频道" response-time="39ms, 卫视频道" response-time="34ms, 卫视频道" response-time="45ms, 卫视频道" response-time="38ms, 卫视频道" response-time="31ms, 卫视频道" response-time="40ms, 卫视频道" response-time="36ms, 卫视频道" response-time="48ms, 卫视频道" response-time="41ms, 卫视频道" response-time="49ms, 卫视频道" response-time="37ms, 卫视频道" response-time="43ms, 卫视频道" response-time="63ms, 卫视频道" response-time="66ms, 卫视频道" response-time="42ms, 卫视频道" response-time="50ms, 卫视频道" response-time="53ms, 卫视频道" response-time="52ms, 卫视频道" response-time="51ms, 卫视频道" response-time="46ms, 卫视频道" response-time="44ms, 卫视频道" response-time="59ms, 卫视频道" response-time="57ms, 卫视频道" response-time="58ms
2026-10-04 08:22:31,313 - INFO - url: https://raw.githubusercontent.com/yifoo/autoiptv/main/live_sources.m3u 获取成功，判断为txt格式
2026-10-04 08:22:31,424 - ERROR - url: https://raw.githubusercontent.com/zhi35/iptv/main/live-china.m3u 抓取失败。 Error: 404 Client Error: Not Found for url: https://raw.githubusercontent.com/zhi35/iptv/main/live-china.m3u
2026-10-04 08:22:31,551 - ERROR - url: https://raw.githubusercontent.com/liangjunliang/iptv3/main/tv/iptv4.m3u 抓取失败。 Error: 404 Client Error: Not Found for url: https://raw.githubusercontent.com/liangjunliang/iptv3/main/tv/iptv4.m3u
2026-10-04 08:22:31,662 - INFO - [质量检测] 开始...
2026-10-04 08:22:31,662 - INFO - 开始质量检测，共 319 个 URL，并发数 80，HTTP 超时 3.5s，FFprobe 启用，超时 3.5s，深度探测启用，超时 5.0s，最小速度 2500kbps
2026-10-04 08:28:06,686 - INFO - 质量检测完成: 总计=163 通过=128 失败=0 超时=35 错误=0
2026-10-04 08:28:06,687 - INFO - 过滤后: 保留 158 个有效源，移除 112 个失效源
2026-10-04 08:28:06,687 - INFO - [黑名单建议] 以下域名检测频繁失败，可考虑加入 url_blacklist：
2026-10-04 08:28:06,687 - INFO -   http://112.123.243.37:50085  失败次数=62  (timeout=62)
2026-10-04 08:28:06,687 - INFO -   http://101.66.195.51:9901  失败次数=3  (timeout=3)
2026-10-04 08:28:06,687 - INFO -   http://101.66.199.13:9901  失败次数=2  (timeout=2)
2026-10-04 08:28:06,687 - INFO -   https://srs.iyb983.cn  失败次数=2  (timeout=2)
2026-10-04 08:28:06,687 - INFO -   https://srs.iyb983.cn:443  失败次数=1  (timeout=1)
2026-10-04 08:28:06,687 - INFO - [质量检测] 完成
